<testsuites id="" name="" tests="3" failures="0" skipped="0" errors="0" time="83.36345100003481">
<testsuite name="tests\01Login\001Login.test.ts" timestamp="1670502869138" hostname="" tests="3" failures="0" skipped="0" time="81.493" errors="0">
<testcase name="TLL001-01 | Verify login with valid credentials" classname="tests\01Login\001Login.test.ts › TLL001-01 | Verify login with valid credentials" time="26.026">
<system-out>
<![CDATA[
[[ATTACHMENT|test-results\tests-01Login-001Login-TLL001-01-Verify-login-with-valid-credentials\test-finished-1.png]]
]]>
</system-out>
</testcase>
<testcase name="TLL001-02 | Verify login with invalid credentials" classname="tests\01Login\001Login.test.ts › TLL001-02 | Verify login with invalid credentials" time="23.081">
<system-out>
<![CDATA[
[[ATTACHMENT|test-results\tests-01Login-001Login-TLL001-02-Verify-login-with-invalid-credentials\test-finished-1.png]]
]]>
</system-out>
</testcase>
<testcase name="TLL001-03 | Verify login with UserName and Password" classname="tests\01Login\001Login.test.ts › TLL001-03 | Verify login with UserName and Password" time="32.386">
<system-out>
<![CDATA[
[[ATTACHMENT|test-results\tests-01Login-001Login-TLL001-03-Verify-login-with-UserName-and-Password\test-finished-1.png]]
]]>
</system-out>
</testcase>
</testsuite>
</testsuites>